// Jest Snapshot v1, https://goo.gl/fbAQLP

exports[`Even integer 1`] = `true`;
